// Jest Snapshot v1, https://goo.gl/fbAQLP

exports[`Pruebas en <EjemploRealUseRef/> Debe mostrarse correctamente 1`] = `
<div>
  <h1>
    UseRef
  </h1>
  <hr />
  <button
    className="btn btn-primary m-5"
    onClick={[Function]}
  >
    Mostrar/ocultar
  </button>
</div>
`;
