// Jest Snapshot v1, https://goo.gl/fbAQLP

exports[`Pruebas en <MultipleCustomHooks/> Debe mostrarse correctamente 1`] = `
<Fragment>
  <h1>
    Consejos The Bored API
  </h1>
  <hr />
  <div
    className="alert alert-info text-center"
  >
    loading...
  </div>
  <button
    className="btn btn-primary"
    onClick={[Function]}
  >
    Cambiar frase
  </button>
</Fragment>
`;
