// Jest Snapshot v1, https://goo.gl/fbAQLP

exports[`Pruebas en <VistaBusqueda/> Debe mostrar el componente correctamente con valores por defecto 1`] = `""`;
