// Jest Snapshot v1, https://goo.gl/fbAQLP

exports[`Pruebas en <VistaLogin/> Debe mostrarse correctamente 1`] = `
<div
  className="container mt-5"
>
  <h1>
    ¡Hola! identifícate
  </h1>
  <hr />
  <button
    className="btn btn-primary"
    onClick={[Function]}
  >
    Identificarse
  </button>
</div>
`;
