// Jest Snapshot v1, https://goo.gl/fbAQLP

exports[`Pruebas en <AppRouter/> Debe mostrar el login si no está autenticado 1`] = `
<div>
  <div
    className="container mt-5"
  >
    <h1>
      ¡Hola! identifícate
    </h1>
    <hr />
    <button
      className="btn btn-primary"
      onClick={[Function]}
    >
      Identificarse
    </button>
  </div>
</div>
`;
