// Jest Snapshot v1, https://goo.gl/fbAQLP

exports[`Pruebas sobre <LoginScreen/> Debe mostrarse correctamente 1`] = `
<div>
  <h1>
    Pantalla de Login
  </h1>
  <hr />
  <button
    className="btn btn-primary"
    onClick={[Function]}
  >
    Login
  </button>
</div>
`;
