// Jest Snapshot v1, https://goo.gl/fbAQLP

exports[`Pruebas en <TareasApp/> Debe renderizar el componente correctamente 1`] = `
<div>
  <h1>
    TareasApp (
    0
    )
  </h1>
  <hr />
  <div
    className="row"
  >
    <div
      className="col-7"
    >
      <ListaTareas
        gestionarBorrado={[Function]}
        gestionarTachado={[Function]}
        tareas={Array []}
      />
    </div>
    <div
      className="col-5"
    >
      <AgregarTarea
        gestionarAgregarTarea={[Function]}
      />
    </div>
  </div>
</div>
`;
